The scikit-learn version is 0.24.2.
CPU time =  0.5501227378845215
GPU time =  14.480518817901611
[[3 3 3]
 [2 2 2]
 [1 1 1]
 [4 4 4]
 [0 0 0]]
[3 2 1 4 0]
